---
source: derive-impl/src/params/value.rs
expression: error
---
Error {
    kind: Custom(
        "number too large to fit in target type",
    ),
    locations: [
        "params",
        "large_int",
    ],
    span: Some(
        Span,
    ),
}
