---
source: src/lib.rs
expression: "Keyword::to_mapping()"
---
type: keyword
