---
source: src/lib.rs
expression: "KeyValueStore::to_mapping()"
---
type: flattened
